
> exemplo-uso-webdriver@1.0.0 test
> mocha -t 60000



  Teste do m├│dulo Login
Sauda├º├úo encontrada: 
URL atual: https://quick-notes.club/
    1) Deve realizar login com sucesso


  0 passing (5s)
  1 failing

  1) Teste do m├│dulo Login
       Deve realizar login com sucesso:

      AssertionError [ERR_ASSERTION]: '' == 'Hi, Testador'
      + expected - actual

      +Hi, Testador
      
      at Context.<anonymous> (file:///D:/workspace/Projetos/PGATS/projects/exemplo-uso-webdriver/test/login.test.js:37:12)
      at process.processTicksAndRejections (node:internal/process/task_queues:105:5)



